2026-10-07 08:00:50 +07:00: ◇ injected env (4) from .env
2026-10-07 08:00:51 +07:00: ◇ injected env (0) from .env
2026-10-07 08:00:51 +07:00: Error: listen EADDRINUSE: address already in use :::5000
2026-10-07 08:00:51 +07:00:     at Server.setupListenHandle [as _listen2] (node:net:1941:16)
2026-10-07 08:00:51 +07:00:     at listenInCluster (node:net:1998:12)
2026-10-07 08:00:51 +07:00:     at Server.listen (node:net:2103:7)
2026-10-07 08:00:51 +07:00:     at Object.<anonymous> (/Users/argan/project/binance/money-flow-engine/server.js:115:8)
2026-10-07 08:00:51 +07:00:     at Module._compile (node:internal/modules/cjs/loader:1781:14)
2026-10-07 08:00:51 +07:00:     at Object..js (node:internal/modules/cjs/loader:1913:10)
2026-10-07 08:00:51 +07:00:     at Module.load (node:internal/modules/cjs/loader:1505:32)
2026-10-07 08:00:51 +07:00:     at Function._load (node:internal/modules/cjs/loader:1309:12)
2026-10-07 08:00:51 +07:00:     at Object.<anonymous> (/Users/argan/project/binance/money-flow-engine/node_modules/pm2/lib/ProcessContainerFork.js:33:23)
2026-10-07 08:00:51 +07:00:     at Module._compile (node:internal/modules/cjs/loader:1781:14) {
2026-10-07 08:00:51 +07:00:   code: 'EADDRINUSE',
2026-10-07 08:00:51 +07:00:   errno: -48,
2026-10-07 08:00:51 +07:00:   syscall: 'listen',
2026-10-07 08:00:51 +07:00:   address: '::',
2026-10-07 08:00:51 +07:00:   port: 5000
2026-10-07 08:00:51 +07:00: }
2026-10-07 08:00:56 +07:00: ◇ injected env (4) from .env
2026-10-07 08:00:56 +07:00: ◇ injected env (0) from .env
2026-10-07 08:00:56 +07:00: Error: listen EADDRINUSE: address already in use :::5000
2026-10-07 08:00:56 +07:00:     at Server.setupListenHandle [as _listen2] (node:net:1941:16)
2026-10-07 08:00:56 +07:00:     at listenInCluster (node:net:1998:12)
2026-10-07 08:00:56 +07:00:     at Server.listen (node:net:2103:7)
2026-10-07 08:00:56 +07:00:     at Object.<anonymous> (/Users/argan/project/binance/money-flow-engine/server.js:115:8)
2026-10-07 08:00:56 +07:00:     at Module._compile (node:internal/modules/cjs/loader:1781:14)
2026-10-07 08:00:56 +07:00:     at Object..js (node:internal/modules/cjs/loader:1913:10)
2026-10-07 08:00:56 +07:00:     at Module.load (node:internal/modules/cjs/loader:1505:32)
2026-10-07 08:00:56 +07:00:     at Function._load (node:internal/modules/cjs/loader:1309:12)
2026-10-07 08:00:56 +07:00:     at Object.<anonymous> (/Users/argan/project/binance/money-flow-engine/node_modules/pm2/lib/ProcessContainerFork.js:33:23)
2026-10-07 08:00:56 +07:00:     at Module._compile (node:internal/modules/cjs/loader:1781:14) {
2026-10-07 08:00:56 +07:00:   code: 'EADDRINUSE',
2026-10-07 08:00:56 +07:00:   errno: -48,
2026-10-07 08:00:56 +07:00:   syscall: 'listen',
2026-10-07 08:00:56 +07:00:   address: '::',
2026-10-07 08:00:56 +07:00:   port: 5000
2026-10-07 08:00:56 +07:00: }
2026-10-07 08:01:01 +07:00: ◇ injected env (4) from .env
2026-10-07 08:01:01 +07:00: ◇ injected env (0) from .env
2026-10-07 08:01:01 +07:00: Error: listen EADDRINUSE: address already in use :::5000
2026-10-07 08:01:01 +07:00:     at Server.setupListenHandle [as _listen2] (node:net:1941:16)
2026-10-07 08:01:01 +07:00:     at listenInCluster (node:net:1998:12)
2026-10-07 08:01:01 +07:00:     at Server.listen (node:net:2103:7)
2026-10-07 08:01:01 +07:00:     at Object.<anonymous> (/Users/argan/project/binance/money-flow-engine/server.js:115:8)
2026-10-07 08:01:01 +07:00:     at Module._compile (node:internal/modules/cjs/loader:1781:14)
2026-10-07 08:01:01 +07:00:     at Object..js (node:internal/modules/cjs/loader:1913:10)
2026-10-07 08:01:01 +07:00:     at Module.load (node:internal/modules/cjs/loader:1505:32)
2026-10-07 08:01:01 +07:00:     at Function._load (node:internal/modules/cjs/loader:1309:12)
2026-10-07 08:01:01 +07:00:     at Object.<anonymous> (/Users/argan/project/binance/money-flow-engine/node_modules/pm2/lib/ProcessContainerFork.js:33:23)
2026-10-07 08:01:01 +07:00:     at Module._compile (node:internal/modules/cjs/loader:1781:14) {
2026-10-07 08:01:01 +07:00:   code: 'EADDRINUSE',
2026-10-07 08:01:01 +07:00:   errno: -48,
2026-10-07 08:01:01 +07:00:   syscall: 'listen',
2026-10-07 08:01:01 +07:00:   address: '::',
2026-10-07 08:01:01 +07:00:   port: 5000
2026-10-07 08:01:01 +07:00: }
2026-10-07 08:01:06 +07:00: ◇ injected env (4) from .env
2026-10-07 08:01:07 +07:00: ◇ injected env (0) from .env
2026-10-07 08:01:07 +07:00: Error: listen EADDRINUSE: address already in use :::5000
2026-10-07 08:01:07 +07:00:     at Server.setupListenHandle [as _listen2] (node:net:1941:16)
2026-10-07 08:01:07 +07:00:     at listenInCluster (node:net:1998:12)
2026-10-07 08:01:07 +07:00:     at Server.listen (node:net:2103:7)
2026-10-07 08:01:07 +07:00:     at Object.<anonymous> (/Users/argan/project/binance/money-flow-engine/server.js:115:8)
2026-10-07 08:01:07 +07:00:     at Module._compile (node:internal/modules/cjs/loader:1781:14)
2026-10-07 08:01:07 +07:00:     at Object..js (node:internal/modules/cjs/loader:1913:10)
2026-10-07 08:01:07 +07:00:     at Module.load (node:internal/modules/cjs/loader:1505:32)
2026-10-07 08:01:07 +07:00:     at Function._load (node:internal/modules/cjs/loader:1309:12)
2026-10-07 08:01:07 +07:00:     at Object.<anonymous> (/Users/argan/project/binance/money-flow-engine/node_modules/pm2/lib/ProcessContainerFork.js:33:23)
2026-10-07 08:01:07 +07:00:     at Module._compile (node:internal/modules/cjs/loader:1781:14) {
2026-10-07 08:01:07 +07:00:   code: 'EADDRINUSE',
2026-10-07 08:01:07 +07:00:   errno: -48,
2026-10-07 08:01:07 +07:00:   syscall: 'listen',
2026-10-07 08:01:07 +07:00:   address: '::',
2026-10-07 08:01:07 +07:00:   port: 5000
2026-10-07 08:01:07 +07:00: }
2026-10-07 08:01:12 +07:00: ◇ injected env (4) from .env
2026-10-07 08:01:12 +07:00: ◇ injected env (0) from .env
2026-10-07 08:01:12 +07:00: Error: listen EADDRINUSE: address already in use :::5000
2026-10-07 08:01:12 +07:00:     at Server.setupListenHandle [as _listen2] (node:net:1941:16)
2026-10-07 08:01:12 +07:00:     at listenInCluster (node:net:1998:12)
2026-10-07 08:01:12 +07:00:     at Server.listen (node:net:2103:7)
2026-10-07 08:01:12 +07:00:     at Object.<anonymous> (/Users/argan/project/binance/money-flow-engine/server.js:115:8)
2026-10-07 08:01:12 +07:00:     at Module._compile (node:internal/modules/cjs/loader:1781:14)
2026-10-07 08:01:12 +07:00:     at Object..js (node:internal/modules/cjs/loader:1913:10)
2026-10-07 08:01:12 +07:00:     at Module.load (node:internal/modules/cjs/loader:1505:32)
2026-10-07 08:01:12 +07:00:     at Function._load (node:internal/modules/cjs/loader:1309:12)
2026-10-07 08:01:12 +07:00:     at Object.<anonymous> (/Users/argan/project/binance/money-flow-engine/node_modules/pm2/lib/ProcessContainerFork.js:33:23)
2026-10-07 08:01:12 +07:00:     at Module._compile (node:internal/modules/cjs/loader:1781:14) {
2026-10-07 08:01:12 +07:00:   code: 'EADDRINUSE',
2026-10-07 08:01:12 +07:00:   errno: -48,
2026-10-07 08:01:12 +07:00:   syscall: 'listen',
2026-10-07 08:01:12 +07:00:   address: '::',
2026-10-07 08:01:12 +07:00:   port: 5000
2026-10-07 08:01:12 +07:00: }
2026-10-07 08:01:17 +07:00: ◇ injected env (4) from .env
2026-10-07 08:01:17 +07:00: ◇ injected env (0) from .env
2026-10-07 08:01:17 +07:00: Error: listen EADDRINUSE: address already in use :::5000
2026-10-07 08:01:17 +07:00:     at Server.setupListenHandle [as _listen2] (node:net:1941:16)
2026-10-07 08:01:17 +07:00:     at listenInCluster (node:net:1998:12)
2026-10-07 08:01:17 +07:00:     at Server.listen (node:net:2103:7)
2026-10-07 08:01:17 +07:00:     at Object.<anonymous> (/Users/argan/project/binance/money-flow-engine/server.js:115:8)
2026-10-07 08:01:17 +07:00:     at Module._compile (node:internal/modules/cjs/loader:1781:14)
2026-10-07 08:01:17 +07:00:     at Object..js (node:internal/modules/cjs/loader:1913:10)
2026-10-07 08:01:17 +07:00:     at Module.load (node:internal/modules/cjs/loader:1505:32)
2026-10-07 08:01:17 +07:00:     at Function._load (node:internal/modules/cjs/loader:1309:12)
2026-10-07 08:01:17 +07:00:     at Object.<anonymous> (/Users/argan/project/binance/money-flow-engine/node_modules/pm2/lib/ProcessContainerFork.js:33:23)
2026-10-07 08:01:17 +07:00:     at Module._compile (node:internal/modules/cjs/loader:1781:14) {
2026-10-07 08:01:17 +07:00:   code: 'EADDRINUSE',
2026-10-07 08:01:17 +07:00:   errno: -48,
2026-10-07 08:01:17 +07:00:   syscall: 'listen',
2026-10-07 08:01:17 +07:00:   address: '::',
2026-10-07 08:01:17 +07:00:   port: 5000
2026-10-07 08:01:17 +07:00: }
2026-10-07 08:01:22 +07:00: ◇ injected env (4) from .env
2026-10-07 08:01:22 +07:00: ◇ injected env (0) from .env
2026-10-07 08:01:22 +07:00: Error: listen EADDRINUSE: address already in use :::5000
2026-10-07 08:01:22 +07:00:     at Server.setupListenHandle [as _listen2] (node:net:1941:16)
2026-10-07 08:01:22 +07:00:     at listenInCluster (node:net:1998:12)
2026-10-07 08:01:22 +07:00:     at Server.listen (node:net:2103:7)
2026-10-07 08:01:22 +07:00:     at Object.<anonymous> (/Users/argan/project/binance/money-flow-engine/server.js:115:8)
2026-10-07 08:01:22 +07:00:     at Module._compile (node:internal/modules/cjs/loader:1781:14)
2026-10-07 08:01:22 +07:00:     at Object..js (node:internal/modules/cjs/loader:1913:10)
2026-10-07 08:01:22 +07:00:     at Module.load (node:internal/modules/cjs/loader:1505:32)
2026-10-07 08:01:22 +07:00:     at Function._load (node:internal/modules/cjs/loader:1309:12)
2026-10-07 08:01:22 +07:00:     at Object.<anonymous> (/Users/argan/project/binance/money-flow-engine/node_modules/pm2/lib/ProcessContainerFork.js:33:23)
2026-10-07 08:01:22 +07:00:     at Module._compile (node:internal/modules/cjs/loader:1781:14) {
2026-10-07 08:01:22 +07:00:   code: 'EADDRINUSE',
2026-10-07 08:01:22 +07:00:   errno: -48,
2026-10-07 08:01:22 +07:00:   syscall: 'listen',
2026-10-07 08:01:22 +07:00:   address: '::',
2026-10-07 08:01:22 +07:00:   port: 5000
2026-10-07 08:01:22 +07:00: }
2026-10-07 08:01:27 +07:00: ◇ injected env (4) from .env
2026-10-07 08:01:28 +07:00: ◇ injected env (0) from .env
2026-10-07 08:01:28 +07:00: Error: listen EADDRINUSE: address already in use :::5000
2026-10-07 08:01:28 +07:00:     at Server.setupListenHandle [as _listen2] (node:net:1941:16)
2026-10-07 08:01:28 +07:00:     at listenInCluster (node:net:1998:12)
2026-10-07 08:01:28 +07:00:     at Server.listen (node:net:2103:7)
2026-10-07 08:01:28 +07:00:     at Object.<anonymous> (/Users/argan/project/binance/money-flow-engine/server.js:115:8)
2026-10-07 08:01:28 +07:00:     at Module._compile (node:internal/modules/cjs/loader:1781:14)
2026-10-07 08:01:28 +07:00:     at Object..js (node:internal/modules/cjs/loader:1913:10)
2026-10-07 08:01:28 +07:00:     at Module.load (node:internal/modules/cjs/loader:1505:32)
2026-10-07 08:01:28 +07:00:     at Function._load (node:internal/modules/cjs/loader:1309:12)
2026-10-07 08:01:28 +07:00:     at Object.<anonymous> (/Users/argan/project/binance/money-flow-engine/node_modules/pm2/lib/ProcessContainerFork.js:33:23)
2026-10-07 08:01:28 +07:00:     at Module._compile (node:internal/modules/cjs/loader:1781:14) {
2026-10-07 08:01:28 +07:00:   code: 'EADDRINUSE',
2026-10-07 08:01:28 +07:00:   errno: -48,
2026-10-07 08:01:28 +07:00:   syscall: 'listen',
2026-10-07 08:01:28 +07:00:   address: '::',
2026-10-07 08:01:28 +07:00:   port: 5000
2026-10-07 08:01:28 +07:00: }
2026-10-07 08:01:33 +07:00: ◇ injected env (4) from .env
2026-10-07 08:01:33 +07:00: ◇ injected env (0) from .env
2026-10-07 08:01:33 +07:00: Error: listen EADDRINUSE: address already in use :::5000
2026-10-07 08:01:33 +07:00:     at Server.setupListenHandle [as _listen2] (node:net:1941:16)
2026-10-07 08:01:33 +07:00:     at listenInCluster (node:net:1998:12)
2026-10-07 08:01:33 +07:00:     at Server.listen (node:net:2103:7)
2026-10-07 08:01:33 +07:00:     at Object.<anonymous> (/Users/argan/project/binance/money-flow-engine/server.js:115:8)
2026-10-07 08:01:33 +07:00:     at Module._compile (node:internal/modules/cjs/loader:1781:14)
2026-10-07 08:01:33 +07:00:     at Object..js (node:internal/modules/cjs/loader:1913:10)
2026-10-07 08:01:33 +07:00:     at Module.load (node:internal/modules/cjs/loader:1505:32)
2026-10-07 08:01:33 +07:00:     at Function._load (node:internal/modules/cjs/loader:1309:12)
2026-10-07 08:01:33 +07:00:     at Object.<anonymous> (/Users/argan/project/binance/money-flow-engine/node_modules/pm2/lib/ProcessContainerFork.js:33:23)
2026-10-07 08:01:33 +07:00:     at Module._compile (node:internal/modules/cjs/loader:1781:14) {
2026-10-07 08:01:33 +07:00:   code: 'EADDRINUSE',
2026-10-07 08:01:33 +07:00:   errno: -48,
2026-10-07 08:01:33 +07:00:   syscall: 'listen',
2026-10-07 08:01:33 +07:00:   address: '::',
2026-10-07 08:01:33 +07:00:   port: 5000
2026-10-07 08:01:33 +07:00: }
2026-10-07 08:01:38 +07:00: ◇ injected env (4) from .env
2026-10-07 08:01:38 +07:00: ◇ injected env (0) from .env
2026-10-07 08:01:38 +07:00: Error: listen EADDRINUSE: address already in use :::5000
2026-10-07 08:01:38 +07:00:     at Server.setupListenHandle [as _listen2] (node:net:1941:16)
2026-10-07 08:01:38 +07:00:     at listenInCluster (node:net:1998:12)
2026-10-07 08:01:38 +07:00:     at Server.listen (node:net:2103:7)
2026-10-07 08:01:38 +07:00:     at Object.<anonymous> (/Users/argan/project/binance/money-flow-engine/server.js:115:8)
2026-10-07 08:01:38 +07:00:     at Module._compile (node:internal/modules/cjs/loader:1781:14)
2026-10-07 08:01:38 +07:00:     at Object..js (node:internal/modules/cjs/loader:1913:10)
2026-10-07 08:01:38 +07:00:     at Module.load (node:internal/modules/cjs/loader:1505:32)
2026-10-07 08:01:38 +07:00:     at Function._load (node:internal/modules/cjs/loader:1309:12)
2026-10-07 08:01:38 +07:00:     at Object.<anonymous> (/Users/argan/project/binance/money-flow-engine/node_modules/pm2/lib/ProcessContainerFork.js:33:23)
2026-10-07 08:01:38 +07:00:     at Module._compile (node:internal/modules/cjs/loader:1781:14) {
2026-10-07 08:01:38 +07:00:   code: 'EADDRINUSE',
2026-10-07 08:01:38 +07:00:   errno: -48,
2026-10-07 08:01:38 +07:00:   syscall: 'listen',
2026-10-07 08:01:38 +07:00:   address: '::',
2026-10-07 08:01:38 +07:00:   port: 5000
2026-10-07 08:01:38 +07:00: }
2026-10-07 08:01:43 +07:00: ◇ injected env (4) from .env
2026-10-07 08:01:43 +07:00: ◇ injected env (0) from .env
2026-10-07 08:01:43 +07:00: Error: listen EADDRINUSE: address already in use :::5000
2026-10-07 08:01:43 +07:00:     at Server.setupListenHandle [as _listen2] (node:net:1941:16)
2026-10-07 08:01:43 +07:00:     at listenInCluster (node:net:1998:12)
2026-10-07 08:01:43 +07:00:     at Server.listen (node:net:2103:7)
2026-10-07 08:01:43 +07:00:     at Object.<anonymous> (/Users/argan/project/binance/money-flow-engine/server.js:115:8)
2026-10-07 08:01:43 +07:00:     at Module._compile (node:internal/modules/cjs/loader:1781:14)
2026-10-07 08:01:43 +07:00:     at Object..js (node:internal/modules/cjs/loader:1913:10)
2026-10-07 08:01:43 +07:00:     at Module.load (node:internal/modules/cjs/loader:1505:32)
2026-10-07 08:01:43 +07:00:     at Function._load (node:internal/modules/cjs/loader:1309:12)
2026-10-07 08:01:43 +07:00:     at Object.<anonymous> (/Users/argan/project/binance/money-flow-engine/node_modules/pm2/lib/ProcessContainerFork.js:33:23)
2026-10-07 08:01:43 +07:00:     at Module._compile (node:internal/modules/cjs/loader:1781:14) {
2026-10-07 08:01:43 +07:00:   code: 'EADDRINUSE',
2026-10-07 08:01:43 +07:00:   errno: -48,
2026-10-07 08:01:43 +07:00:   syscall: 'listen',
2026-10-07 08:01:43 +07:00:   address: '::',
2026-10-07 08:01:43 +07:00:   port: 5000
2026-10-07 08:01:43 +07:00: }
2026-10-07 08:01:49 +07:00: ◇ injected env (4) from .env
2026-10-07 08:01:49 +07:00: ◇ injected env (0) from .env
2026-10-07 08:01:49 +07:00: Error: listen EADDRINUSE: address already in use :::5000
2026-10-07 08:01:49 +07:00:     at Server.setupListenHandle [as _listen2] (node:net:1941:16)
2026-10-07 08:01:49 +07:00:     at listenInCluster (node:net:1998:12)
2026-10-07 08:01:49 +07:00:     at Server.listen (node:net:2103:7)
2026-10-07 08:01:49 +07:00:     at Object.<anonymous> (/Users/argan/project/binance/money-flow-engine/server.js:115:8)
2026-10-07 08:01:49 +07:00:     at Module._compile (node:internal/modules/cjs/loader:1781:14)
2026-10-07 08:01:49 +07:00:     at Object..js (node:internal/modules/cjs/loader:1913:10)
2026-10-07 08:01:49 +07:00:     at Module.load (node:internal/modules/cjs/loader:1505:32)
2026-10-07 08:01:49 +07:00:     at Function._load (node:internal/modules/cjs/loader:1309:12)
2026-10-07 08:01:49 +07:00:     at Object.<anonymous> (/Users/argan/project/binance/money-flow-engine/node_modules/pm2/lib/ProcessContainerFork.js:33:23)
2026-10-07 08:01:49 +07:00:     at Module._compile (node:internal/modules/cjs/loader:1781:14) {
2026-10-07 08:01:49 +07:00:   code: 'EADDRINUSE',
2026-10-07 08:01:49 +07:00:   errno: -48,
2026-10-07 08:01:49 +07:00:   syscall: 'listen',
2026-10-07 08:01:49 +07:00:   address: '::',
2026-10-07 08:01:49 +07:00:   port: 5000
2026-10-07 08:01:49 +07:00: }
2026-10-07 08:01:54 +07:00: ◇ injected env (4) from .env
2026-10-07 08:01:54 +07:00: ◇ injected env (0) from .env
2026-10-07 08:02:10 +07:00: ◇ injected env (4) from .env
2026-10-07 08:02:10 +07:00: ◇ injected env (0) from .env
2026-10-07 08:02:57 +07:00: ◇ injected env (4) from .env
2026-10-07 08:02:58 +07:00: ◇ injected env (0) from .env
2026-10-07 08:03:18 +07:00: MongooseError: Operation `settings.findOne()` buffering timed out after 10000ms
2026-10-07 08:03:18 +07:00:     at Timeout._onTimeout (/Users/argan/project/binance/money-flow-engine/node_modules/mongoose/lib/drivers/node-mongodb-native/collection.js:142:25)
2026-10-07 08:03:18 +07:00:     at listOnTimeout (node:internal/timers:585:17)
2026-10-07 08:03:18 +07:00:     at process.processTimers (node:internal/timers:521:7)
2026-10-07 08:03:18 +07:00: ⚠️ Unhandled Rejection Terdeteksi: MongooseError: Operation `settings.findOne()` buffering timed out after 10000ms
2026-10-07 08:03:18 +07:00:     at Timeout._onTimeout (/Users/argan/project/binance/money-flow-engine/node_modules/mongoose/lib/drivers/node-mongodb-native/collection.js:142:25)
2026-10-07 08:03:18 +07:00:     at listOnTimeout (node:internal/timers:585:17)
2026-10-07 08:03:18 +07:00:     at process.processTimers (node:internal/timers:521:7)
2026-10-07 08:03:28 +07:00: ⚠️ Gagal menyimpan ke flow_money: Operation `flow_money.insertMany()` buffering timed out after 10000ms
2026-10-07 08:03:28 +07:00: ❌ MongoDB Connection Error: MongooseServerSelectionError: Could not connect to any servers in your MongoDB Atlas cluster. One common reason is that you're trying to access the database from an IP that isn't whitelisted. Make sure your current IP address is on your Atlas cluster's IP whitelist: https://www.mongodb.com/docs/atlas/security-whitelist/
2026-10-07 08:03:28 +07:00:     at _handleConnectionErrors (/Users/argan/project/binance/money-flow-engine/node_modules/mongoose/lib/connection.js:1175:11)
2026-10-07 08:03:28 +07:00:     at NativeConnection.openUri (/Users/argan/project/binance/money-flow-engine/node_modules/mongoose/lib/connection.js:1106:11) {
2026-10-07 08:03:28 +07:00:   errorLabelSet: Set(0) {},
2026-10-07 08:03:28 +07:00:   reason: TopologyDescription {
2026-10-07 08:03:28 +07:00:     type: 'ReplicaSetNoPrimary',
2026-10-07 08:03:28 +07:00:     servers: Map(3) {
2026-10-07 08:03:28 +07:00:       'ac-j4jhmpi-shard-00-00.hbnfbc2.mongodb.net:27017' => [ServerDescription],
2026-10-07 08:03:28 +07:00:       'ac-j4jhmpi-shard-00-01.hbnfbc2.mongodb.net:27017' => [ServerDescription],
2026-10-07 08:03:28 +07:00:       'ac-j4jhmpi-shard-00-02.hbnfbc2.mongodb.net:27017' => [ServerDescription]
2026-10-07 08:03:28 +07:00:     },
2026-10-07 08:03:28 +07:00:     stale: false,
2026-10-07 08:03:28 +07:00:     compatible: true,
2026-10-07 08:03:28 +07:00:     heartbeatFrequencyMS: 10000,
2026-10-07 08:03:28 +07:00:     localThresholdMS: 15,
2026-10-07 08:03:28 +07:00:     setName: 'atlas-2xql7n-shard-0',
2026-10-07 08:03:28 +07:00:     maxElectionId: null,
2026-10-07 08:03:28 +07:00:     maxSetVersion: null,
2026-10-07 08:03:28 +07:00:     commonWireVersion: 0,
2026-10-07 08:03:28 +07:00:     logicalSessionTimeoutMinutes: null
2026-10-07 08:03:28 +07:00:   },
2026-10-07 08:03:28 +07:00:   code: undefined,
2026-10-07 08:03:28 +07:00:   cause: TopologyDescription {
2026-10-07 08:03:28 +07:00:     type: 'ReplicaSetNoPrimary',
2026-10-07 08:03:28 +07:00:     servers: Map(3) {
2026-10-07 08:03:28 +07:00:       'ac-j4jhmpi-shard-00-00.hbnfbc2.mongodb.net:27017' => [ServerDescription],
2026-10-07 08:03:28 +07:00:       'ac-j4jhmpi-shard-00-01.hbnfbc2.mongodb.net:27017' => [ServerDescription],
2026-10-07 08:03:28 +07:00:       'ac-j4jhmpi-shard-00-02.hbnfbc2.mongodb.net:27017' => [ServerDescription]
2026-10-07 08:03:28 +07:00:     },
2026-10-07 08:03:28 +07:00:     stale: false,
2026-10-07 08:03:28 +07:00:     compatible: true,
2026-10-07 08:03:28 +07:00:     heartbeatFrequencyMS: 10000,
2026-10-07 08:03:28 +07:00:     localThresholdMS: 15,
2026-10-07 08:03:28 +07:00:     setName: 'atlas-2xql7n-shard-0',
2026-10-07 08:03:28 +07:00:     maxElectionId: null,
2026-10-07 08:03:28 +07:00:     maxSetVersion: null,
2026-10-07 08:03:28 +07:00:     commonWireVersion: 0,
2026-10-07 08:03:28 +07:00:     logicalSessionTimeoutMinutes: null
2026-10-07 08:03:28 +07:00:   }
2026-10-07 08:03:28 +07:00: }
2026-10-07 08:03:38 +07:00: ⚠️ Gagal menyimpan ke flow_money: Operation `flow_money.insertMany()` buffering timed out after 10000ms
2026-10-07 08:03:48 +07:00: ⚠️ Gagal menyimpan ke flow_money: Operation `flow_money.insertMany()` buffering timed out after 10000ms
2026-10-07 08:04:08 +07:00: ⚠️ Gagal menyimpan ke flow_money: Operation `flow_money.insertMany()` buffering timed out after 10000ms
2026-10-07 08:04:18 +07:00: MongooseError: Operation `settings.findOne()` buffering timed out after 10000ms
2026-10-07 08:04:18 +07:00:     at Timeout._onTimeout (/Users/argan/project/binance/money-flow-engine/node_modules/mongoose/lib/drivers/node-mongodb-native/collection.js:142:25)
2026-10-07 08:04:18 +07:00:     at listOnTimeout (node:internal/timers:585:17)
2026-10-07 08:04:18 +07:00:     at process.processTimers (node:internal/timers:521:7)
2026-10-07 08:04:18 +07:00: ⚠️ Unhandled Rejection Terdeteksi: MongooseError: Operation `settings.findOne()` buffering timed out after 10000ms
2026-10-07 08:04:18 +07:00:     at Timeout._onTimeout (/Users/argan/project/binance/money-flow-engine/node_modules/mongoose/lib/drivers/node-mongodb-native/collection.js:142:25)
2026-10-07 08:04:18 +07:00:     at listOnTimeout (node:internal/timers:585:17)
2026-10-07 08:04:18 +07:00:     at process.processTimers (node:internal/timers:521:7)
2026-10-07 08:04:38 +07:00: ⚠️ Gagal menyimpan ke flow_money: Operation `flow_money.insertMany()` buffering timed out after 10000ms
2026-10-07 08:04:58 +07:00: ⚠️ Gagal menyimpan ke flow_money: Operation `flow_money.insertMany()` buffering timed out after 10000ms
2026-10-07 08:05:11 +07:00: ◇ injected env (4) from .env
2026-10-07 08:05:11 +07:00: ◇ injected env (0) from .env
