2026-10-07 08:01:54 +07:00: 🖥️  UI: http://localhost:5001
2026-10-07 08:01:54 +07:00: 📡 Connected to Binance API. Server Time: 10/7/2026, 8:01:54 AM
2026-10-07 08:01:58 +07:00: 💥 10/7/2026, 8:01:58 AM | VTHOUSDT | SELL | Value: $7.52
2026-10-07 08:02:10 +07:00: 🖥️  UI: http://localhost:5001
2026-10-07 08:02:10 +07:00: 📡 Connected to Binance API. Server Time: 10/7/2026, 8:02:10 AM
2026-10-07 08:02:11 +07:00: 💥 10/7/2026, 8:02:11 AM | RLCUSDT | SELL | Value: $5.85
2026-10-07 08:02:14 +07:00: 💥 10/7/2026, 8:02:14 AM | RLCUSDT | SELL | Value: $2997.71
2026-10-07 08:02:14 +07:00: 💥 10/7/2026, 8:02:14 AM | CTSIUSDT | SELL | Value: $15.72
2026-10-07 08:02:15 +07:00: 💥 10/7/2026, 8:02:15 AM | 龙虾USDT | BUY | Value: $4105.86
2026-10-07 08:02:15 +07:00: 💥 10/7/2026, 8:02:15 AM | SPCXUSDT | SELL | Value: $49330.99
2026-10-07 08:02:20 +07:00: 💥 10/7/2026, 8:02:20 AM | NMRUSDT | BUY | Value: $5.05
2026-10-07 08:02:26 +07:00: 💥 10/7/2026, 8:02:26 AM | C98USDT | SELL | Value: $1186.67
2026-10-07 08:02:26 +07:00: 💥 10/7/2026, 8:02:26 AM | AEVOUSDT | SELL | Value: $610.23
2026-10-07 08:02:58 +07:00: 🖥️  UI: http://localhost:5001
2026-10-07 08:02:58 +07:00: 📡 Connected to Binance API. Server Time: 10/7/2026, 8:02:58 AM
2026-10-07 08:03:03 +07:00: 💥 10/7/2026, 8:03:03 AM | TRBUSDT | SELL | Value: $15.53
2026-10-07 08:03:04 +07:00: 💥 10/7/2026, 8:03:04 AM | ZKPUSDT | SELL | Value: $1582.32
2026-10-07 08:03:04 +07:00: 💥 10/7/2026, 8:03:04 AM | ETHUSDT | SELL | Value: $2934.69
2026-10-07 08:03:05 +07:00: 💥 10/7/2026, 8:03:05 AM | CLUSDT | BUY | Value: $7920.86
2026-10-07 08:03:11 +07:00: 💥 10/7/2026, 8:03:11 AM | XRPUSDT | SELL | Value: $48.92
2026-10-07 08:03:20 +07:00: 💥 10/7/2026, 8:03:20 AM | 龙虾USDT | BUY | Value: $15.54
2026-10-07 08:03:27 +07:00: 💥 10/7/2026, 8:03:27 AM | ZKPUSDT | SELL | Value: $575.88
2026-10-07 08:03:27 +07:00: 💥 10/7/2026, 8:03:27 AM | MIRAUSDT | SELL | Value: $6.44
2026-10-07 08:03:30 +07:00: 💥 10/7/2026, 8:03:30 AM | MIRAUSDT | SELL | Value: $203.15
2026-10-07 08:03:30 +07:00: 💥 10/7/2026, 8:03:30 AM | ARPAUSDT | SELL | Value: $10.95
2026-10-07 08:03:30 +07:00: 💥 10/7/2026, 8:03:30 AM | 1000FLOKIUSDT | SELL | Value: $6.02
2026-10-07 08:03:32 +07:00: 💥 10/7/2026, 8:03:32 AM | MIRAUSDT | SELL | Value: $4795.40
2026-10-07 08:03:48 +07:00: 💥 10/7/2026, 8:03:48 AM | SPCXUSDT | SELL | Value: $367.85
2026-10-07 08:03:55 +07:00: 💥 10/7/2026, 8:03:55 AM | ORCAUSDT | SELL | Value: $410.35
2026-10-07 08:03:58 +07:00: 💥 10/7/2026, 8:03:58 AM | SANDUSDT | BUY | Value: $28.22
2026-10-07 08:04:01 +07:00: 💥 10/7/2026, 8:04:01 AM | MINAUSDT | BUY | Value: $307.46
2026-10-07 08:04:01 +07:00: 💥 10/7/2026, 8:04:01 AM | SANDUSDT | BUY | Value: $9505.54
2026-10-07 08:04:01 +07:00: 💥 10/7/2026, 8:04:01 AM | METUSDT | SELL | Value: $31.83
2026-10-07 08:04:22 +07:00: 💥 10/7/2026, 8:04:22 AM | ORCAUSDT | BUY | Value: $47.13
2026-10-07 08:04:44 +07:00: 💥 10/7/2026, 8:04:44 AM | API3USDT | BUY | Value: $857.20
2026-10-07 08:04:45 +07:00: 💥 10/7/2026, 8:04:45 AM | METUSDT | SELL | Value: $1693.14
2026-10-07 08:04:46 +07:00: 💥 10/7/2026, 8:04:46 AM | METUSDT | SELL | Value: $561.80
2026-10-07 08:04:48 +07:00: 💥 10/7/2026, 8:04:48 AM | ASTERUSDT | SELL | Value: $5.07
2026-10-07 08:04:48 +07:00: 💥 10/7/2026, 8:04:48 AM | BSVUSDT | SELL | Value: $11.80
2026-10-07 08:04:49 +07:00: 💥 10/7/2026, 8:04:49 AM | METUSDT | SELL | Value: $173.34
2026-10-07 08:04:54 +07:00: 💥 10/7/2026, 8:04:54 AM | CLUSDT | BUY | Value: $10790.18
2026-10-07 08:05:11 +07:00: 🖥️  UI: http://localhost:5001
2026-10-07 08:05:11 +07:00: 📡 Connected to Binance API. Server Time: 10/7/2026, 8:05:11 AM
2026-10-07 08:05:11 +07:00: ✅ Connected to MongoDB
2026-10-07 08:05:14 +07:00: 💥 10/7/2026, 8:05:14 AM | C98USDT | SELL | Value: $147.52
2026-10-07 08:05:17 +07:00: 💥 10/7/2026, 8:05:17 AM | C98USDT | SELL | Value: $252.76
2026-10-07 08:05:18 +07:00: 💥 10/7/2026, 8:05:18 AM | ORCAUSDT | SELL | Value: $85.45
2026-10-07 08:05:20 +07:00: 💥 10/7/2026, 8:05:20 AM | ORCAUSDT | SELL | Value: $2116.62
2026-10-07 08:05:21 +07:00: 💥 10/7/2026, 8:05:21 AM | C98USDT | SELL | Value: $24.04
2026-10-07 08:05:21 +07:00: ⏱️ [1 Menit] Berhasil menyimpan 2 data koin ke 'flow_money'
2026-10-07 08:05:22 +07:00: 💥 10/7/2026, 8:05:22 AM | ORCAUSDT | SELL | Value: $87.25
2026-10-07 08:05:25 +07:00: 💥 10/7/2026, 8:05:25 AM | ORCAUSDT | BUY | Value: $2926.19
2026-10-07 08:05:31 +07:00: ⏱️ [1 Menit] Berhasil menyimpan 1 data koin ke 'flow_money'
2026-10-07 08:05:43 +07:00: 💥 10/7/2026, 8:05:43 AM | PUMPUSDT | SELL | Value: $18.22
2026-10-07 08:05:51 +07:00: ⏱️ [1 Menit] Berhasil menyimpan 1 data koin ke 'flow_money'
2026-10-07 08:05:53 +07:00: 💥 10/7/2026, 8:05:53 AM | IRYSUSDT | SELL | Value: $48.74
2026-10-07 08:06:01 +07:00: 💥 10/7/2026, 8:06:01 AM | TUSDT | SELL | Value: $42.01
2026-10-07 08:06:01 +07:00: ⏱️ [1 Menit] Berhasil menyimpan 2 data koin ke 'flow_money'
2026-10-07 08:06:06 +07:00: 💥 10/7/2026, 8:06:06 AM | BBUSDT | SELL | Value: $133.94
